[2026-07-17 11:35:03] [INFO] [config.py:16] Loaded environment configuration from: E:\SQL ACCIO JOB\Cross functional dashboard\.env
[2026-07-17 11:35:03] [INFO] [connection.py:42] SQLAlchemy Database Engine initialized successfully.
[2026-07-17 11:35:03] [INFO] [4206973462.py:16] Notebook setup and imports loaded successfully.
[2026-07-17 11:35:03] [INFO] [connection.py:96] Database connection verified successfully on database: 'test'
[2026-07-17 11:35:06] [INFO] [config.py:16] Loaded environment configuration from: E:\SQL ACCIO JOB\Cross functional dashboard\.env
[2026-07-17 11:35:06] [INFO] [connection.py:42] SQLAlchemy Database Engine initialized successfully.
[2026-07-17 11:35:06] [INFO] [4206973462.py:16] Notebook setup and imports loaded successfully.
[2026-07-17 13:58:15] [INFO] [config.py:16] Loaded environment configuration from: E:\SQL ACCIO JOB\Cross functional dashboard\.env
[2026-07-17 13:58:16] [INFO] [connection.py:42] SQLAlchemy Database Engine initialized successfully.
[2026-07-17 13:58:16] [INFO] [4206973462.py:16] Notebook setup and imports loaded successfully.
[2026-07-17 13:58:17] [INFO] [helpers.py:59] Successfully saved DataFrame of shape (5000, 19) to: ../data/processed\customer_customers.csv
[2026-07-17 13:58:17] [INFO] [helpers.py:59] Successfully saved DataFrame of shape (200, 16) to: ../data/processed\dealer_dealers.csv
[2026-07-17 13:58:17] [INFO] [helpers.py:59] Successfully saved DataFrame of shape (3000, 9) to: ../data/processed\dealer_network_dealer_commissions.csv
[2026-07-17 13:58:17] [INFO] [helpers.py:59] Successfully saved DataFrame of shape (4800, 8) to: ../data/processed\dealer_network_dealer_targets.csv
[2026-07-17 13:58:17] [INFO] [helpers.py:59] Successfully saved DataFrame of shape (20, 4) to: ../data/processed\dealer_network_regional_offices.csv
[2026-07-17 13:58:17] [INFO] [helpers.py:59] Successfully saved DataFrame of shape (2500, 7) to: ../data/processed\finance_accounting_dealer_payouts.csv
[2026-07-17 13:58:17] [INFO] [helpers.py:59] Successfully saved DataFrame of shape (80, 6) to: ../data/processed\finance_accounting_gl_accounts.csv
[2026-07-17 13:58:17] [INFO] [helpers.py:59] Successfully saved DataFrame of shape (15000, 10) to: ../data/processed\finance_accounting_ledger_entries.csv
[2026-07-17 13:58:17] [INFO] [helpers.py:59] Successfully saved DataFrame of shape (7000, 8) to: ../data/processed\finance_accounting_tax_records.csv
[2026-07-17 13:58:17] [INFO] [helpers.py:59] Successfully saved DataFrame of shape (200, 7) to: ../data/processed\location_reference_cities.csv
[2026-07-17 13:58:17] [INFO] [helpers.py:59] Successfully saved DataFrame of shape (36, 6) to: ../data/processed\location_reference_states.csv
[2026-07-17 13:58:17] [INFO] [helpers.py:59] Successfully saved DataFrame of shape (1440, 10) to: ../data/processed\pricing_management_price_master.csv
[2026-07-17 13:58:17] [INFO] [helpers.py:59] Successfully saved DataFrame of shape (25, 9) to: ../data/processed\product_management_vehicle_models.csv
[2026-07-17 13:58:17] [INFO] [helpers.py:59] Successfully saved DataFrame of shape (96, 11) to: ../data/processed\product_management_vehicle_variants.csv
[2026-07-17 13:58:17] [INFO] [helpers.py:59] Successfully saved DataFrame of shape (7000, 14) to: ../data/processed\sales_transaction_invoices.csv
[2026-07-17 13:58:17] [INFO] [helpers.py:59] Successfully saved DataFrame of shape (7000, 16) to: ../data/processed\sales_transaction_orders.csv
[2026-07-17 13:58:17] [INFO] [helpers.py:59] Successfully saved DataFrame of shape (7500, 12) to: ../data/processed\sales_transaction_order_items.csv
[2026-07-17 13:58:17] [INFO] [helpers.py:59] Successfully saved DataFrame of shape (8000, 11) to: ../data/processed\sales_transaction_payments.csv
[2026-07-17 14:15:09] [INFO] [config.py:16] Loaded environment configuration from: E:\SQL ACCIO JOB\Cross functional dashboard\.env
[2026-07-17 14:15:10] [INFO] [connection.py:42] SQLAlchemy Database Engine initialized successfully.
[2026-07-17 14:15:10] [INFO] [4206973462.py:16] Notebook setup and imports loaded successfully.
[2026-07-17 14:15:11] [INFO] [helpers.py:59] Successfully saved DataFrame of shape (5000, 19) to: ../data/processed\customer_customers.csv
[2026-07-17 14:15:11] [INFO] [helpers.py:59] Successfully saved DataFrame of shape (200, 16) to: ../data/processed\dealer_dealers.csv
[2026-07-17 14:15:11] [INFO] [helpers.py:59] Successfully saved DataFrame of shape (3000, 9) to: ../data/processed\dealer_network_dealer_commissions.csv
[2026-07-17 14:15:11] [INFO] [helpers.py:59] Successfully saved DataFrame of shape (4800, 8) to: ../data/processed\dealer_network_dealer_targets.csv
[2026-07-17 14:15:11] [INFO] [helpers.py:59] Successfully saved DataFrame of shape (20, 4) to: ../data/processed\dealer_network_regional_offices.csv
[2026-07-17 14:15:11] [INFO] [helpers.py:59] Successfully saved DataFrame of shape (2500, 7) to: ../data/processed\finance_accounting_dealer_payouts.csv
[2026-07-17 14:15:11] [INFO] [helpers.py:59] Successfully saved DataFrame of shape (80, 6) to: ../data/processed\finance_accounting_gl_accounts.csv
[2026-07-17 14:15:11] [INFO] [helpers.py:59] Successfully saved DataFrame of shape (15000, 10) to: ../data/processed\finance_accounting_ledger_entries.csv
[2026-07-17 14:15:11] [INFO] [helpers.py:59] Successfully saved DataFrame of shape (7000, 8) to: ../data/processed\finance_accounting_tax_records.csv
[2026-07-17 14:15:11] [INFO] [helpers.py:59] Successfully saved DataFrame of shape (200, 7) to: ../data/processed\location_reference_cities.csv
[2026-07-17 14:15:11] [INFO] [helpers.py:59] Successfully saved DataFrame of shape (36, 6) to: ../data/processed\location_reference_states.csv
[2026-07-17 14:15:11] [INFO] [helpers.py:59] Successfully saved DataFrame of shape (1440, 10) to: ../data/processed\pricing_management_price_master.csv
[2026-07-17 14:15:11] [INFO] [helpers.py:59] Successfully saved DataFrame of shape (25, 9) to: ../data/processed\product_management_vehicle_models.csv
[2026-07-17 14:15:11] [INFO] [helpers.py:59] Successfully saved DataFrame of shape (96, 11) to: ../data/processed\product_management_vehicle_variants.csv
[2026-07-17 14:15:11] [INFO] [helpers.py:59] Successfully saved DataFrame of shape (7000, 14) to: ../data/processed\sales_transaction_invoices.csv
[2026-07-17 14:15:11] [ERROR] [helpers.py:62] Failed to save DataFrame to ../data/processed\sales_transaction_orders.csv: [Errno 13] Permission denied: '../data/processed\\sales_transaction_orders.csv'
[2026-07-17 14:15:11] [INFO] [helpers.py:59] Successfully saved DataFrame of shape (7500, 12) to: ../data/processed\sales_transaction_order_items.csv
[2026-07-17 14:15:11] [INFO] [helpers.py:59] Successfully saved DataFrame of shape (8000, 11) to: ../data/processed\sales_transaction_payments.csv
[2026-07-17 14:20:49] [INFO] [config.py:16] Loaded environment configuration from: E:\SQL ACCIO JOB\Cross functional dashboard\.env
[2026-07-17 14:20:49] [INFO] [connection.py:42] SQLAlchemy Database Engine initialized successfully.
[2026-07-17 14:20:49] [INFO] [4206973462.py:16] Notebook setup and imports loaded successfully.
[2026-07-17 14:20:50] [INFO] [helpers.py:59] Successfully saved DataFrame of shape (5000, 19) to: ../data/processed\customer_customers.csv
[2026-07-17 14:20:50] [INFO] [helpers.py:59] Successfully saved DataFrame of shape (200, 16) to: ../data/processed\dealer_dealers.csv
[2026-07-17 14:20:50] [INFO] [helpers.py:59] Successfully saved DataFrame of shape (3000, 9) to: ../data/processed\dealer_network_dealer_commissions.csv
[2026-07-17 14:20:50] [INFO] [helpers.py:59] Successfully saved DataFrame of shape (4800, 8) to: ../data/processed\dealer_network_dealer_targets.csv
[2026-07-17 14:20:50] [INFO] [helpers.py:59] Successfully saved DataFrame of shape (20, 4) to: ../data/processed\dealer_network_regional_offices.csv
[2026-07-17 14:20:50] [INFO] [helpers.py:59] Successfully saved DataFrame of shape (2500, 7) to: ../data/processed\finance_accounting_dealer_payouts.csv
[2026-07-17 14:20:50] [INFO] [helpers.py:59] Successfully saved DataFrame of shape (80, 6) to: ../data/processed\finance_accounting_gl_accounts.csv
[2026-07-17 14:20:50] [INFO] [helpers.py:59] Successfully saved DataFrame of shape (15000, 10) to: ../data/processed\finance_accounting_ledger_entries.csv
[2026-07-17 14:20:50] [INFO] [helpers.py:59] Successfully saved DataFrame of shape (7000, 8) to: ../data/processed\finance_accounting_tax_records.csv
[2026-07-17 14:20:50] [INFO] [helpers.py:59] Successfully saved DataFrame of shape (200, 7) to: ../data/processed\location_reference_cities.csv
[2026-07-17 14:20:50] [INFO] [helpers.py:59] Successfully saved DataFrame of shape (36, 6) to: ../data/processed\location_reference_states.csv
[2026-07-17 14:20:50] [INFO] [helpers.py:59] Successfully saved DataFrame of shape (1440, 10) to: ../data/processed\pricing_management_price_master.csv
[2026-07-17 14:20:50] [INFO] [helpers.py:59] Successfully saved DataFrame of shape (25, 9) to: ../data/processed\product_management_vehicle_models.csv
[2026-07-17 14:20:50] [INFO] [helpers.py:59] Successfully saved DataFrame of shape (96, 11) to: ../data/processed\product_management_vehicle_variants.csv
[2026-07-17 14:20:51] [INFO] [helpers.py:59] Successfully saved DataFrame of shape (7000, 14) to: ../data/processed\sales_transaction_invoices.csv
[2026-07-17 14:20:51] [INFO] [helpers.py:59] Successfully saved DataFrame of shape (7000, 16) to: ../data/processed\sales_transaction_orders.csv
[2026-07-17 14:20:51] [INFO] [helpers.py:59] Successfully saved DataFrame of shape (7500, 12) to: ../data/processed\sales_transaction_order_items.csv
[2026-07-17 14:20:51] [INFO] [helpers.py:59] Successfully saved DataFrame of shape (8000, 11) to: ../data/processed\sales_transaction_payments.csv
[2026-07-19 14:21:08] [INFO] [config.py:16] Loaded environment configuration from: E:\SQL ACCIO JOB\Cross functional dashboard\.env
[2026-07-19 14:21:08] [INFO] [connection.py:42] SQLAlchemy Database Engine initialized successfully.
[2026-07-19 14:21:23] [INFO] [632840764.py:19] Notebook setup and imports loaded successfully.
[2026-07-19 14:22:12] [INFO] [config.py:16] Loaded environment configuration from: E:\SQL ACCIO JOB\Cross functional dashboard\.env
[2026-07-19 14:22:13] [INFO] [connection.py:42] SQLAlchemy Database Engine initialized successfully.
[2026-07-19 14:22:14] [INFO] [632840764.py:19] Notebook setup and imports loaded successfully.
[2026-07-19 14:27:50] [INFO] [config.py:16] Loaded environment configuration from: E:\SQL ACCIO JOB\Cross functional dashboard\.env
[2026-07-19 14:27:50] [CRITICAL] [connection.py:44] Failed to initialize database engine: No module named 'psycopg2'
[2026-07-19 14:30:04] [INFO] [connection.py:42] SQLAlchemy Database Engine initialized successfully.
[2026-07-19 14:30:06] [INFO] [632840764.py:19] Notebook setup and imports loaded successfully.
[2026-07-19 14:58:33] [INFO] [config.py:16] Loaded environment configuration from: E:\SQL ACCIO JOB\Cross functional dashboard\.env
[2026-07-19 14:58:33] [INFO] [connection.py:42] SQLAlchemy Database Engine initialized successfully.
[2026-07-19 14:58:33] [INFO] [1329643734.py:18] Notebook setup and imports loaded successfully.
[2026-07-19 15:22:26] [INFO] [config.py:16] Loaded environment configuration from: E:\SQL ACCIO JOB\Cross functional dashboard\.env
[2026-07-19 15:22:27] [INFO] [connection.py:42] SQLAlchemy Database Engine initialized successfully.
[2026-07-19 15:22:27] [INFO] [1329643734.py:18] Notebook setup and imports loaded successfully.
[2026-07-19 15:22:27] [INFO] [helpers.py:59] Successfully saved DataFrame of shape (48, 17) to: ../data/processed\monthly_finance_summary.csv
[2026-07-19 15:22:27] [INFO] [helpers.py:59] Successfully saved DataFrame of shape (200, 8) to: ../data/processed\dealer_performance_summary.csv
[2026-07-19 15:53:19] [INFO] [config.py:16] Loaded environment configuration from: E:\SQL ACCIO JOB\Cross functional dashboard\.env
[2026-07-19 15:53:20] [INFO] [connection.py:42] SQLAlchemy Database Engine initialized successfully.
[2026-07-19 15:53:22] [INFO] [632840764.py:19] Notebook setup and imports loaded successfully.
[2026-07-19 16:11:05] [INFO] [config.py:16] Loaded environment configuration from: E:\SQL ACCIO JOB\Cross functional dashboard\.env
[2026-07-19 16:11:06] [INFO] [connection.py:42] SQLAlchemy Database Engine initialized successfully.
[2026-07-19 16:11:06] [INFO] [1329643734.py:18] Notebook setup and imports loaded successfully.
[2026-07-19 16:15:38] [INFO] [1329643734.py:18] Notebook setup and imports loaded successfully.
[2026-07-19 16:15:42] [INFO] [1329643734.py:18] Notebook setup and imports loaded successfully.
[2026-07-19 16:20:02] [INFO] [config.py:16] Loaded environment configuration from: E:\SQL ACCIO JOB\Cross functional dashboard\.env
[2026-07-19 16:20:03] [INFO] [connection.py:42] SQLAlchemy Database Engine initialized successfully.
[2026-07-19 16:20:03] [INFO] [4206973462.py:16] Notebook setup and imports loaded successfully.
[2026-07-19 16:35:12] [INFO] [config.py:16] Loaded environment configuration from: E:\SQL ACCIO JOB\Cross functional dashboard\.env
[2026-07-19 16:35:13] [INFO] [connection.py:42] SQLAlchemy Database Engine initialized successfully.
[2026-07-19 16:35:13] [INFO] [4206973462.py:16] Notebook setup and imports loaded successfully.
[2026-07-19 16:45:47] [INFO] [config.py:16] Loaded environment configuration from: E:\SQL ACCIO JOB\Cross functional dashboard\.env
[2026-07-19 16:45:47] [INFO] [connection.py:42] SQLAlchemy Database Engine initialized successfully.
[2026-07-19 16:45:50] [INFO] [632840764.py:19] Notebook setup and imports loaded successfully.
[2026-07-19 16:46:18] [INFO] [config.py:16] Loaded environment configuration from: E:\SQL ACCIO JOB\Cross functional dashboard\.env
[2026-07-19 16:46:18] [INFO] [connection.py:42] SQLAlchemy Database Engine initialized successfully.
[2026-07-19 16:46:20] [INFO] [632840764.py:19] Notebook setup and imports loaded successfully.
